
> creditly@0.1.0 build
> next build

   Ôû▓ Next.js 15.1.4
   - Environments: .env.local

   Creating an optimized production build ...
 Ô£ô Compiled successfully
   Linting and checking validity of types ...
node.exe : 
Au caractère Ligne:1 : 1
+ & "D:\Programmes\nodejs/node.exe" 
"D:\Programmes\nodejs/node_modules/ ...
+ ~~~~~~~~~~~~~~~~~~~~~~~~~~~~~~~~~~~~~~~~~~~~~~
~~~~~~~~~~~~~~~~~~~~~~~
    + CategoryInfo          : NotSpecified: (:S 
   tring) [], RemoteException
    + FullyQualifiedErrorId : NativeCommandErro 
   r
 
Failed to compile.

./app/admin/kyc/kyc-table.tsx
173:33  Warning: Using `<img>` could result in 
slower LCP and higher bandwidth. Consider using 
`<Image />` from `next/image` or a custom image 
loader to automatically optimize images. This 
may incur additional usage or cost from your 
provider. See: 
https://nextjs.org/docs/messages/no-img-element 
 @next/next/no-img-element

./app/admin/repayments/repayment-table.tsx
5:10  Error: 'createClient' is defined but 
never used.  @typescript-eslint/no-unused-vars
193:29  Warning: Using `<img>` could result in 
slower LCP and higher bandwidth. Consider using 
`<Image />` from `next/image` or a custom image 
loader to automatically optimize images. This 
may incur additional usage or cost from your 
provider. See: 
https://nextjs.org/docs/messages/no-img-element 
 @next/next/no-img-element

./app/admin/super/page.tsx
22:20  Error: 'totalLoansCount' is assigned a 
value but never used.  
@typescript-eslint/no-unused-vars
41:59  Error: Unexpected any. Specify a 
different type.  
@typescript-eslint/no-explicit-any
309:178  Error: `'` can be escaped with 
`&apos;`, `&lsquo;`, `&#39;`, `&rsquo;`.  
react/no-unescaped-entities

./app/admin/super/users/actions.ts
19:57  Error: 'email' is defined but never 
used.  @typescript-eslint/no-unused-vars

./app/admin/super/users/user-table.tsx
5:20  Error: 'UserAdmin' is defined but never 
used.  @typescript-eslint/no-unused-vars
5:47  Error: 'WatsonHealthStatusResolved' is 
defined but never used.  
@typescript-eslint/no-unused-vars
6:10  Error: 'ActionButton' is defined but 
never used.  @typescript-eslint/no-unused-vars
15:53  Error: Unexpected any. Specify a 
different type.  
@typescript-eslint/no-explicit-any

./app/auth/actions.ts
68:23  Error: Unexpected any. Specify a 
different type.  
@typescript-eslint/no-explicit-any

./app/client/dashboard/page.tsx
53:70  Error: Unexpected any. Specify a 
different type.  
@typescript-eslint/no-explicit-any
53:78  Error: Unexpected any. Specify a 
different type.  
@typescript-eslint/no-explicit-any

./app/client/kyc/actions.ts
43:27  Error: Unexpected any. Specify a 
different type.  
@typescript-eslint/no-explicit-any

./app/client/loans/repayment/repayment-form.tsx
31:27  Error: Unexpected any. Specify a 
different type.  
@typescript-eslint/no-explicit-any

./app/client/loans/[id]/page.tsx
169:33  Error: `'` can be escaped with 
`&apos;`, `&lsquo;`, `&#39;`, `&rsquo;`.  
react/no-unescaped-entities
169:49  Error: `'` can be escaped with 
`&apos;`, `&lsquo;`, `&#39;`, `&rsquo;`.  
react/no-unescaped-entities

./app/client/pending-activation/page.tsx
25:8  Warning: React Hook useEffect has a 
missing dependency: 'supabase'. Either include 
it or remove the dependency array.  
react-hooks/exhaustive-deps
88:33  Error: `'` can be escaped with `&apos;`, 
`&lsquo;`, `&#39;`, `&rsquo;`.  
react/no-unescaped-entities

./app/page.tsx
2:99  Error: 'CheckmarkFilled' is defined but 
never used.  @typescript-eslint/no-unused-vars
61:166  Error: `'` can be escaped with 
`&apos;`, `&lsquo;`, `&#39;`, `&rsquo;`.  
react/no-unescaped-entities

info  - Need to disable some ESLint rules? 
Learn more here: https://nextjs.org/docs/app/api
-reference/config/eslint#disabling-rules
