
> creditly@0.1.0 build
> next build

   Ôû▓ Next.js 15.1.4
   - Environments: .env.local

   Creating an optimized production build ...
 Ô£ô Compiled successfully
   Linting and checking validity of types ...
node.exe : 
Au caractère Ligne:1 : 1
+ & "D:\Programmes\nodejs/node.exe" 
"D:\Programmes\nodejs/node_modules/ ...
+ ~~~~~~~~~~~~~~~~~~~~~~~~~~~~~~~~~~~~~~~~~
~~~~~~~~~~~~~~~~~~~~~~~~~~~~
    + CategoryInfo          : NotSpecified 
   : (:String) [], RemoteException
    + FullyQualifiedErrorId : NativeComman 
   dError
 
Failed to compile.

./app/admin/repayments/repayment-table.tsx
6:63  Error: Unexpected any. Specify a 
different type.  
@typescript-eslint/no-explicit-any
14:22  Error: 'e' is defined but never 
used.  @typescript-eslint/no-unused-vars
27:22  Error: 'e' is defined but never 
used.  @typescript-eslint/no-unused-vars

./app/admin/super/page.tsx
19:50  Error: Unexpected any. Specify a 
different type.  
@typescript-eslint/no-explicit-any

./app/admin/super/users/actions.ts
10:21  Error: 'user' is assigned a value 
but never used.  
@typescript-eslint/no-unused-vars

./app/admin/super/users/page.tsx
27:107  Error: `'` can be escaped with 
`&apos;`, `&lsquo;`, `&#39;`, `&rsquo;`.  
react/no-unescaped-entities

./app/auth/actions.ts
6:24  Error: 'createAdminClient' is 
defined but never used.  
@typescript-eslint/no-unused-vars
55:17  Error: Unexpected any. Specify a 
different type.  
@typescript-eslint/no-explicit-any

./app/auth/login/page.tsx
78:120  Error: `'` can be escaped with 
`&apos;`, `&lsquo;`, `&#39;`, `&rsquo;`.  
react/no-unescaped-entities

./app/client/dashboard/page.tsx
187:41  Error: `"` can be escaped with 
`&quot;`, `&ldquo;`, `&#34;`, `&rdquo;`.  
react/no-unescaped-entities
187:101  Error: `"` can be escaped with 
`&quot;`, `&ldquo;`, `&#34;`, `&rdquo;`.  
react/no-unescaped-entities

./app/client/kyc/page.tsx
29:21  Error: Unexpected any. Specify a 
different type.  
@typescript-eslint/no-explicit-any
87:118  Error: `'` can be escaped with 
`&apos;`, `&lsquo;`, `&#39;`, `&rsquo;`.  
react/no-unescaped-entities
89:33  Error: `"` can be escaped with 
`&quot;`, `&ldquo;`, `&#34;`, `&rdquo;`.  
react/no-unescaped-entities
89:70  Error: `'` can be escaped with 
`&apos;`, `&lsquo;`, `&#39;`, `&rsquo;`.  
react/no-unescaped-entities
89:113  Error: `'` can be escaped with 
`&apos;`, `&lsquo;`, `&#39;`, `&rsquo;`.  
react/no-unescaped-entities
89:131  Error: `"` can be escaped with 
`&quot;`, `&ldquo;`, `&#34;`, `&rdquo;`.  
react/no-unescaped-entities
105:135  Error: `'` can be escaped with 
`&apos;`, `&lsquo;`, `&#39;`, `&rsquo;`.  
react/no-unescaped-entities

./app/client/loans/page.tsx
46:105  Error: `'` can be escaped with 
`&apos;`, `&lsquo;`, `&#39;`, `&rsquo;`.  
react/no-unescaped-entities
87:51  Error: `'` can be escaped with 
`&apos;`, `&lsquo;`, `&#39;`, `&rsquo;`.  
react/no-unescaped-entities

./app/client/loans/repayment/page.tsx
22:26  Error: `'` can be escaped with 
`&apos;`, `&lsquo;`, `&#39;`, `&rsquo;`.  
react/no-unescaped-entities

./app/client/loans/request/loan-form.tsx
8:75  Error: Unexpected any. Specify a 
different type.  
@typescript-eslint/no-explicit-any
28:21  Error: Unexpected any. Specify a 
different type.  
@typescript-eslint/no-explicit-any

./app/client/pending-activation/page.tsx
25:8  Warning: React Hook useEffect has a 
missing dependency: 'supabase'. Either 
include it or remove the dependency array. 
 react-hooks/exhaustive-deps
83:84  Error: `'` can be escaped with 
`&apos;`, `&lsquo;`, `&#39;`, `&rsquo;`.  
react/no-unescaped-entities

./app/client/subscriptions/actions.ts
5:10  Error: 'redirect' is defined but 
never used.  
@typescript-eslint/no-unused-vars

./app/client/subscriptions/SubscribeButton.
tsx
4:10  Error: 'CheckmarkFilled' is defined 
but never used.  
@typescript-eslint/no-unused-vars
4:27  Error: 'Locked' is defined but never 
used.  @typescript-eslint/no-unused-vars
17:27  Error: Unexpected any. Specify a 
different type.  
@typescript-eslint/no-explicit-any

info  - Need to disable some ESLint rules? 
Learn more here: https://nextjs.org/docs/ap
p/api-reference/config/eslint#disabling-rul
es
